<?xml version="1.0" encoding="UTF-8"?><html xmlns="http://www.w3.org/1999/xhtml">
   <head>
      <meta http-equiv="Content-Type" content="text/html; charset=UTF-8" />
      <title>Test Report for x-urn:test:do-nothing (passed: 4 / pending: 4 / failed: 0 / total: 8)</title>
      <link rel="stylesheet" type="text/css" href="../../../../../src/reporter/test-report.css" />
   </head>
   <body>
      <h1>Test Report</h1>
      <p>Query: x-urn:test:do-nothing</p>
      <p>Query-at: <a href="../../../../do-nothing.xqm">do-nothing.xqm</a></p>
      <p>XSpec: <a href="../../focus-vs-pending.xspec">focus-vs-pending.xspec</a></p>
      <p>Tested: 1 January 2000 at 00:00</p>
      <h2>Contents</h2>
      <table class="xspec">
         <colgroup>
            <col style="width:75%" />
            <col style="width:6.25%" />
            <col style="width:6.25%" />
            <col style="width:6.25%" />
            <col style="width:6.25%" />
         </colgroup>
         <thead>
            <tr>
               <th></th>
               <th class="totals">passed: 4</th>
               <th class="totals">pending: 4</th>
               <th class="totals">failed: 0</th>
               <th class="totals">total: 8</th>
            </tr>
         </thead>
         <tbody>
            <tr class="pending">
               <th>(<strong>testing @focus alongside another focused scenario</strong>) <a href="#top_scenario1">Test @focus and pending together (both @pending and x:pending)</a></th>
               <th class="totals">4</th>
               <th class="totals">4</th>
               <th class="totals">0</th>
               <th class="totals">8</th>
            </tr>
         </tbody>
      </table>
      <div id="top_scenario1">
         <h2 class="pending">(<strong>testing @focus alongside another focused scenario</strong>) Test @focus and pending together (both @pending and x:pending)<span class="scenario-totals">passed: 4 / pending: 4 / failed: 0 / total: 8</span></h2>
         <table class="xspec" id="table_scenario1">
            <colgroup>
               <col style="width:75%" />
               <col style="width:25%" />
            </colgroup>
            <tbody>
               <tr class="pending">
                  <th>(<strong>testing @focus alongside another focused scenario</strong>) Test @focus and pending together (both @pending and x:pending)</th>
                  <th>passed: 4 / pending: 4 / failed: 0 / total: 8</th>
               </tr>
               <tr class="pending">
                  <th>(<strong>testing @focus alongside another focused scenario</strong>) a non-pending erroneous scenario alongside a focused scenario must be Pending</th>
                  <th>passed: 0 / pending: 1 / failed: 0 / total: 1</th>
               </tr>
               <tr class="pending">
                  <td>(<strong>testing @focus alongside another focused scenario</strong>) it would throw an error if it were not Pending</td>
                  <td>Pending</td>
               </tr>
               <tr class="successful">
                  <th>a focused Success scenario alongside another focused scenario</th>
                  <th>passed: 1 / pending: 0 / failed: 0 / total: 1</th>
               </tr>
               <tr class="successful">
                  <td>must execute the test and return Success</td>
                  <td>Success</td>
               </tr>
               <tr class="pending">
                  <th>(<strong>testing x:pending</strong>) an unfocused erroneous scenario in x:pending must be Pending</th>
                  <th>passed: 0 / pending: 1 / failed: 0 / total: 1</th>
               </tr>
               <tr class="pending">
                  <td>(<strong>testing x:pending</strong>) it would throw an error if it were not Pending</td>
                  <td>Pending</td>
               </tr>
               <tr class="successful">
                  <th>a focused Success scenario in x:pending</th>
                  <th>passed: 1 / pending: 0 / failed: 0 / total: 1</th>
               </tr>
               <tr class="successful">
                  <td>must execute the test and return Success</td>
                  <td>Success</td>
               </tr>
               <tr class="pending">
                  <th>(<strong>testing x:scenario[empty(@focus)]/@pending</strong>) an erroneous scenario with @pending must be Pending</th>
                  <th>passed: 0 / pending: 1 / failed: 0 / total: 1</th>
               </tr>
               <tr class="pending">
                  <td>(<strong>testing x:scenario[empty(@focus)]/@pending</strong>) it would throw an error if it were not Pending</td>
                  <td>Pending</td>
               </tr>
               <tr class="successful">
                  <th>a Success scenario with both @pending and @focus (not recommended as ambiguous)</th>
                  <th>passed: 1 / pending: 0 / failed: 0 / total: 1</th>
               </tr>
               <tr class="successful">
                  <td>must execute the test and return Success</td>
                  <td>Success</td>
               </tr>
               <tr class="pending">
                  <th>(<strong>testing @focus alongside another focused scenario</strong>) a Success x:expect with @pending must be Pending</th>
                  <th>passed: 0 / pending: 1 / failed: 0 / total: 1</th>
               </tr>
               <tr class="pending">
                  <td>(<strong>testing x:expect/@pending without ancestor::x:scenario/@focus</strong>) it would return Success if it were not Pending</td>
                  <td>Pending</td>
               </tr>
               <tr class="successful">
                  <th>a Success x:expect with both @pending and ancestor::x:scenario/@focus (not recommended
                     as ambiguous)</th>
                  <th>passed: 1 / pending: 0 / failed: 0 / total: 1</th>
               </tr>
               <tr class="successful">
                  <td>must execute the test and return Success</td>
                  <td>Success</td>
               </tr>
            </tbody>
         </table>
      </div>
   </body>
</html>