<?xml version="1.0" encoding="UTF-8"?>
<report xmlns="http://www.jenitennison.com/xslt/xspec"
        xspec="../../issue-467.xspec"
        query="x-urn:test:mirror"
        query-at="../../../../mirror.xqm"
        date="2000-01-01T00:00:00Z">
   <scenario id="scenario1" xspec="../../issue-467.xspec">
      <label>Testing namespace differences</label>
      <input-wrap xmlns="">
         <x:call xmlns:mirror="x-urn:test:mirror"
                 xmlns:x="http://www.jenitennison.com/xslt/xspec"
                 function="mirror:param-mirror">
            <x:param>
               <e1 xmlns="ns1">
                  <e2 xmlns:ns3="ns3" xmlns:ns4="ns4" xmlns="ns2">
                     <ns3:e3>
                        <e4/>
                     </ns3:e3>
                  </e2>
               </e1>
            </x:param>
         </x:call>
      </input-wrap>
      <result select="/element()">
         <content-wrap xmlns="">
            <e1 xmlns:mirror="x-urn:test:mirror"
                xmlns:x="http://www.jenitennison.com/xslt/xspec"
                xmlns="ns1">
               <e2 xmlns:ns3="ns3" xmlns:ns4="ns4" xmlns="ns2">
                  <ns3:e3>
                     <e4/>
                  </ns3:e3>
               </e2>
            </e1>
         </content-wrap>
      </result>
      <test id="scenario1-expect1" successful="false">
         <label>Expecting the same structure but in different namespaces</label>
         <expect select="/element()">
            <content-wrap xmlns="">
               <e1 xmlns:mirror="x-urn:test:mirror"
                   xmlns:x="http://www.jenitennison.com/xslt/xspec"
                   xmlns="ns1">
                  <e2 xmlns:ns3="ns3" xmlns:ns4="ns4" xmlns="ns2!">
                     <ns3:e3 xmlns:ns3="ns3!">
                        <e4 xmlns=""/>
                     </ns3:e3>
                  </e2>
               </e1>
            </content-wrap>
         </expect>
      </test>
   </scenario>
</report>
