<?xml version="1.0" encoding="UTF-8"?>
<report xmlns="http://www.jenitennison.com/xslt/xspec"
        xspec="../../issue-151.xspec"
        query="x-urn:test-mix"
        query-at="../../issue-151.xqm"
        date="2000-01-01T00:00:00Z">
   <scenario id="scenario1" xspec="../../issue-151.xspec">
      <label>When the result is a mixture of a typed element and a string</label>
      <input-wrap xmlns="">
         <x:call xmlns:test-mix="x-urn:test-mix"
                 xmlns:x="http://www.jenitennison.com/xslt/xspec"
                 function="test-mix:element-and-string"/>
      </input-wrap>
      <result select="/*">
         <content-wrap xmlns="">
            <pseudo-element xmlns="http://www.jenitennison.com/xslt/xspec">
               <test-mix:fooElement xmlns:test-mix="x-urn:test-mix">
                  <test-mix:barElement/>
               </test-mix:fooElement>
            </pseudo-element>
            <pseudo-atomic-value xmlns="http://www.jenitennison.com/xslt/xspec">'string'</pseudo-atomic-value>
         </content-wrap>
      </result>
      <test id="scenario1-expect1" successful="false">
         <label>[Result] in the failure report HTML must wrap element and string separately</label>
         <expect-test-wrap xmlns="">
            <x:expect xmlns:test-mix="x-urn:test-mix"
                      xmlns:x="http://www.jenitennison.com/xslt/xspec"
                      test="false()"/>
         </expect-test-wrap>
         <expect select="()"/>
      </test>
   </scenario>
</report>
