<?xml version="1.0" encoding="UTF-8"?>
<report xmlns="http://www.jenitennison.com/xslt/xspec"
        xspec="../../issue-528.xspec"
        query="x-urn:test:mirror"
        query-at="../../../../mirror.xqm"
        date="2000-01-01T00:00:00Z">
   <scenario id="scenario1" xspec="../../issue-528.xspec" pending="Focus on 1-2">
      <label>Scenario 1</label>
      <input-wrap xmlns="">
         <x:call xmlns:mirror="x-urn:test:mirror"
                 xmlns:x="http://www.jenitennison.com/xslt/xspec"
                 function="mirror:true"/>
      </input-wrap>
      <test id="scenario1-expect1" pending="Focus on 1-2">
         <label>should be skipped (otherwise should fail)</label>
      </test>
      <scenario id="scenario1-scenario1"
                xspec="../../issue-528.xspec"
                pending="Focus on 1-2">
         <label>Scenario 1-1</label>
         <input-wrap xmlns="">
            <x:call xmlns:mirror="x-urn:test:mirror"
                    xmlns:x="http://www.jenitennison.com/xslt/xspec"
                    function="mirror:true"/>
         </input-wrap>
         <test id="scenario1-scenario1-expect1" pending="Focus on 1-2">
            <label>should be skipped (otherwise should fail)</label>
         </test>
      </scenario>
      <scenario id="scenario1-scenario2" xspec="../../issue-528.xspec">
         <label>Scenario 1-2</label>
         <input-wrap xmlns="">
            <x:call xmlns:mirror="x-urn:test:mirror"
                    xmlns:x="http://www.jenitennison.com/xslt/xspec"
                    function="mirror:true"/>
         </input-wrap>
         <result select="Q{http://www.w3.org/2001/XMLSchema}boolean('true')"/>
         <test id="scenario1-scenario2-expect1" successful="false">
            <label>should fail</label>
            <expect select="Q{http://www.w3.org/2001/XMLSchema}boolean('false')"/>
         </test>
      </scenario>
   </scenario>
</report>
