<?xml version="1.0" encoding="UTF-8"?>
<report xmlns="http://www.jenitennison.com/xslt/xspec"
        xspec="../../issue-1340.xspec"
        query="x-urn:test:do-nothing"
        query-at="../../../../do-nothing.xqm"
        date="2000-01-01T00:00:00Z">
   <scenario id="scenario1" xspec="../../issue-1340.xspec">
      <label>Scenario containing no @focus whatsoever</label>
      <input-wrap xmlns="">
         <x:call xmlns:x="http://www.jenitennison.com/xslt/xspec" function="exactly-one">
            <x:param>
               <foo/>
            </x:param>
         </x:call>
      </input-wrap>
      <result select="/element()">
         <content-wrap xmlns="">
            <foo xmlns:x="http://www.jenitennison.com/xslt/xspec"/>
         </content-wrap>
      </result>
      <test id="scenario1-expect1" successful="false">
         <label>should be active</label>
         <expect select="()"/>
      </test>
   </scenario>
   <scenario id="scenario2" xspec="../../issue-1340.xspec">
      <label>Scenario containing @focus in user-content</label>
      <input-wrap xmlns="">
         <x:call xmlns:x="http://www.jenitennison.com/xslt/xspec" function="exactly-one">
            <x:param>
               <foo focus="bar"/>
            </x:param>
         </x:call>
      </input-wrap>
      <result select="/element()">
         <content-wrap xmlns="">
            <foo xmlns:x="http://www.jenitennison.com/xslt/xspec" focus="bar"/>
         </content-wrap>
      </result>
      <test id="scenario2-expect1" successful="false">
         <label>should be active</label>
         <expect select="()"/>
      </test>
   </scenario>
</report>
