<?xml version="1.0" encoding="UTF-8"?>
<testsuites name="issue-153.xspec">
   <testsuite name="When a function returns a local date time string"
              tests="2"
              failures="1">
      <testcase name="Comparing the function result with the same date time in UTC will report Success"
                status="passed"/>
      <testcase name="Comparing the function result with a different date time will report Failure"
                status="failed">
         <failure message="expect assertion failed">Expected Result: Q{http://www.w3.org/2001/XMLSchema}dateTime('1234-01-01T00:00:00Z')</failure>
      </testcase>
   </testsuite>
</testsuites>
