<?xml version="1.0" encoding="UTF-8"?><html xmlns="http://www.w3.org/1999/xhtml">
   <head>
      <meta http-equiv="Content-Type" content="text/html; charset=UTF-8" />
      <title>Test Report for x-urn:test:do-nothing (passed: 1 / pending: 0 / failed: 1 / total: 2)</title>
      <link rel="stylesheet" type="text/css" href="../../../../../src/reporter/test-report.css" />
   </head>
   <body>
      <h1>Test Report</h1>
      <p>Query: x-urn:test:do-nothing</p>
      <p>Query-at: <a href="../../../../do-nothing.xqm">do-nothing.xqm</a></p>
      <p>XSpec: <a href="../../issue-153.xspec">issue-153.xspec</a></p>
      <p>Tested: 1 January 2000 at 00:00</p>
      <h2>Contents</h2>
      <table class="xspec">
         <colgroup>
            <col style="width:75%" />
            <col style="width:6.25%" />
            <col style="width:6.25%" />
            <col style="width:6.25%" />
            <col style="width:6.25%" />
         </colgroup>
         <thead>
            <tr>
               <th></th>
               <th class="totals">passed: 1</th>
               <th class="totals">pending: 0</th>
               <th class="totals">failed: 1</th>
               <th class="totals">total: 2</th>
            </tr>
         </thead>
         <tbody>
            <tr class="failed">
               <th><a href="#top_scenario1">When a function returns a local date time string</a></th>
               <th class="totals">1</th>
               <th class="totals">0</th>
               <th class="totals">1</th>
               <th class="totals">2</th>
            </tr>
         </tbody>
      </table>
      <div id="top_scenario1">
         <h2 class="failed">When a function returns a local date time string<span class="scenario-totals">passed: 1 / pending: 0 / failed: 1 / total: 2</span></h2>
         <table class="xspec" id="table_scenario1">
            <colgroup>
               <col style="width:75%" />
               <col style="width:25%" />
            </colgroup>
            <tbody>
               <tr class="failed">
                  <th>When a function returns a local date time string</th>
                  <th>passed: 1 / pending: 0 / failed: 1 / total: 2</th>
               </tr>
               <tr class="successful">
                  <td>Comparing the function result with the same date time in UTC will report Success</td>
                  <td>Success</td>
               </tr>
               <tr class="failed">
                  <td><a href="#scenario1-expect2">Comparing the function result with a different date time will report Failure</a></td>
                  <td>Failure</td>
               </tr>
            </tbody>
         </table>
         <div id="scenario1">
            <h3>When a function returns a local date time string</h3>
            <div id="scenario1-expect2" class="xTestReport">
               <h4 class="xTestReportTitle">Comparing the function result with a different date time will report Failure</h4>
               <div class="xTestReportHint"><a href="https://github.com/xspec/xspec/wiki/Understanding-Test-Results" target="_blank" title="What does this report mean?">[?]</a></div>
               <table class="xspecResult">
                  <thead>
                     <tr>
                        <th>Result</th>
                        <th>Expected Result</th>
                     </tr>
                  </thead>
                  <tbody>
                     <tr>
                        <td>
                           <pre>Q{http://www.w3.org/2001/XMLSchema}dateTime('2000-01-01T12:00:00+12:00')</pre>
                        </td>
                        <td>
                           <pre>Q{http://www.w3.org/2001/XMLSchema}dateTime('1234-01-01T00:00:00Z')</pre>
                        </td>
                     </tr>
                  </tbody>
               </table>
            </div>
         </div>
      </div>
   </body>
</html>