<?xml version="1.0" encoding="UTF-8"?><html xmlns="http://www.w3.org/1999/xhtml">
   <head>
      <meta http-equiv="Content-Type" content="text/html; charset=UTF-8" />
      <title>Test Report for x-urn:test:do-nothing (passed: 0 / pending: 0 / failed: 2 / total: 2)</title>
      <link rel="stylesheet" type="text/css" href="../../../../../src/reporter/test-report.css" />
   </head>
   <body>
      <h1>Test Report</h1>
      <p>Query: x-urn:test:do-nothing</p>
      <p>Query-at: <a href="../../../../do-nothing.xqm">do-nothing.xqm</a></p>
      <p>XSpec: <a href="../../issue-177.xspec">issue-177.xspec</a></p>
      <p>Tested: 1 January 2000 at 00:00</p>
      <h2>Contents</h2>
      <table class="xspec">
         <colgroup>
            <col style="width:75%" />
            <col style="width:6.25%" />
            <col style="width:6.25%" />
            <col style="width:6.25%" />
            <col style="width:6.25%" />
         </colgroup>
         <thead>
            <tr>
               <th></th>
               <th class="totals">passed: 0</th>
               <th class="totals">pending: 0</th>
               <th class="totals">failed: 2</th>
               <th class="totals">total: 2</th>
            </tr>
         </thead>
         <tbody>
            <tr class="failed">
               <th><a href="#top_scenario1">Given the function returns &lt;foo /&gt;</a></th>
               <th class="totals">0</th>
               <th class="totals">0</th>
               <th class="totals">2</th>
               <th class="totals">2</th>
            </tr>
         </tbody>
      </table>
      <div id="top_scenario1">
         <h2 class="failed">Given the function returns &lt;foo /&gt;<span class="scenario-totals">passed: 0 / pending: 0 / failed: 2 / total: 2</span></h2>
         <table class="xspec" id="table_scenario1">
            <colgroup>
               <col style="width:75%" />
               <col style="width:25%" />
            </colgroup>
            <tbody>
               <tr class="failed">
                  <th>Given the function returns &lt;foo /&gt;</th>
                  <th>passed: 0 / pending: 0 / failed: 2 / total: 2</th>
               </tr>
               <tr class="failed">
                  <td><a href="#scenario1-expect1">When @test is "empty($x:result/self::element(foo))" (i.e. boolean), then the HTML
                        report should be "Result" = "&lt;foo /&gt;" and "Expecting" = "empty($x:result/self::element(foo))"
                        without diff.</a></td>
                  <td>Failure</td>
               </tr>
               <tr class="failed">
                  <td><a href="#scenario1-expect2">When x:expect expects &lt;bar /&gt; and @test is "$x:result/self::element(foo)" (i.e. non
                        boolean), then the HTML report should be "Result" = "&lt;foo /&gt;" and "Expected Result"
                        = "&lt;bar /&gt;" with diff.</a></td>
                  <td>Failure</td>
               </tr>
            </tbody>
         </table>
         <div id="scenario1">
            <h3>Given the function returns &lt;foo /&gt;</h3>
            <div id="scenario1-expect1" class="xTestReport">
               <h4 class="xTestReportTitle">When @test is "empty($x:result/self::element(foo))" (i.e. boolean), then the HTML
                  report should be "Result" = "&lt;foo /&gt;" and "Expecting" = "empty($x:result/self::element(foo))"
                  without diff.</h4>
               <div class="xTestReportHint"><a href="https://github.com/xspec/xspec/wiki/Understanding-Test-Results" target="_blank" title="What does this report mean?">[?]</a></div>
               <table class="xspecResult">
                  <thead>
                     <tr>
                        <th>Result</th>
                        <th>Expecting</th>
                     </tr>
                  </thead>
                  <tbody>
                     <tr>
                        <td>
                           <p>XPath <code>/element()</code> from:</p>
                           <pre>&lt;foo <span class="xmlns trivial">xmlns:x="http://www.jenitennison.com/xslt/xspec"</span> /&gt;</pre>
                        </td>
                        <td>
                           <pre>empty($x:result/self::element(foo))</pre>
                        </td>
                     </tr>
                  </tbody>
               </table>
            </div>
            <div id="scenario1-expect2" class="xTestReport">
               <h4 class="xTestReportTitle">When x:expect expects &lt;bar /&gt; and @test is "$x:result/self::element(foo)" (i.e. non
                  boolean), then the HTML report should be "Result" = "&lt;foo /&gt;" and "Expected Result"
                  = "&lt;bar /&gt;" with diff.</h4>
               <div class="xTestReportHint"><a href="https://github.com/xspec/xspec/wiki/Understanding-Test-Results" target="_blank" title="What does this report mean?">[?]</a></div>
               <table class="xspecResult">
                  <thead>
                     <tr>
                        <th>Result</th>
                        <th>Expected Result</th>
                     </tr>
                  </thead>
                  <tbody>
                     <tr>
                        <td>
                           <p>XPath <code class="same">/element()</code> from:</p>
                           <pre>&lt;<span class="diff">foo</span> <span class="xmlns trivial">xmlns:x="http://www.jenitennison.com/xslt/xspec"</span> /&gt;</pre>
                        </td>
                        <td>
                           <p>XPath <code class="same">/element()</code> from:</p>
                           <pre>&lt;<span class="diff">bar</span> <span class="xmlns trivial">xmlns:x="http://www.jenitennison.com/xslt/xspec"</span> /&gt;</pre>
                        </td>
                     </tr>
                  </tbody>
               </table>
            </div>
         </div>
      </div>
   </body>
</html>