<?xml version="1.0" encoding="UTF-8"?><html xmlns="http://www.w3.org/1999/xhtml">
   <head>
      <meta http-equiv="Content-Type" content="text/html; charset=UTF-8" />
      <title>Test Report for result-file-threshold.sch (passed: 0 / pending: 0 / failed: 5 / total: 5)</title>
      <link rel="stylesheet" type="text/css" href="../../../../../src/reporter/test-report.css" />
   </head>
   <body>
      <h1>Test Report</h1>
      <p>Schematron: <a href="../../result-file-threshold.sch">result-file-threshold.sch</a></p>
      <p>XSpec: <a href="../../result-file-threshold_inf.xspec">result-file-threshold_inf.xspec</a></p>
      <p>Tested: 1 January 2000 at 00:00</p>
      <h2>Contents</h2>
      <table class="xspec">
         <colgroup>
            <col style="width:75%" />
            <col style="width:6.25%" />
            <col style="width:6.25%" />
            <col style="width:6.25%" />
            <col style="width:6.25%" />
         </colgroup>
         <thead>
            <tr>
               <th></th>
               <th class="totals">passed: 0</th>
               <th class="totals">pending: 0</th>
               <th class="totals">failed: 5</th>
               <th class="totals">total: 5</th>
            </tr>
         </thead>
         <tbody>
            <tr class="failed">
               <th><a href="#top_scenario1">Test how the actual result and the expected result are saved</a></th>
               <th class="totals">0</th>
               <th class="totals">0</th>
               <th class="totals">5</th>
               <th class="totals">5</th>
            </tr>
         </tbody>
      </table>
      <div id="top_scenario1">
         <h2 class="failed">Test how the actual result and the expected result are saved<span class="scenario-totals">passed: 0 / pending: 0 / failed: 5 / total: 5</span></h2>
         <table class="xspec" id="table_scenario1">
            <colgroup>
               <col style="width:75%" />
               <col style="width:25%" />
            </colgroup>
            <tbody>
               <tr class="failed">
                  <th>Test how the actual result and the expected result are saved</th>
                  <th>passed: 0 / pending: 0 / failed: 5 / total: 5</th>
               </tr>
               <tr class="failed">
                  <td><a href="#scenario1-expect1">when the actual result is evaluated without @test</a></td>
                  <td>Failure</td>
               </tr>
               <tr class="failed">
                  <td><a href="#scenario1-expect2">when the actual result is evaluated with @test</a></td>
                  <td>Failure</td>
               </tr>
               <tr class="failed">
                  <td><a href="#scenario1-expect3">when the expected result is an empty sequence</a></td>
                  <td>Failure</td>
               </tr>
               <tr class="failed">
                  <td><a href="#scenario1-expect4">when the expected result is an atomic value</a></td>
                  <td>Failure</td>
               </tr>
               <tr class="failed">
                  <td><a href="#scenario1-expect5">when the expected result is a map</a></td>
                  <td>Failure</td>
               </tr>
            </tbody>
         </table>
         <div id="scenario1">
            <h3>Test how the actual result and the expected result are saved</h3>
            <div id="scenario1-expect1" class="xTestReport">
               <h4 class="xTestReportTitle">when the actual result is evaluated without @test</h4>
               <div class="xTestReportHint"><a href="https://github.com/xspec/xspec/wiki/Understanding-Test-Results" target="_blank" title="What does this report mean?">[?]</a></div>
               <table class="xspecResult">
                  <thead>
                     <tr>
                        <th>Result</th>
                        <th>Expected Result</th>
                     </tr>
                  </thead>
                  <tbody>
                     <tr>
                        <td>
                           <p>XPath <code class="same">/element()</code> from:</p>
                           <pre>&lt;<span class="diff">actual-result</span> <span class="xmlns">xmlns:mirror="x-urn:test:mirror"</span>
               <span class="xmlns trivial">xmlns:x="http://www.jenitennison.com/xslt/xspec"</span> /&gt;</pre>
                        </td>
                        <td>
                           <p>XPath <code class="same">/element()</code> from:</p>
                           <pre>&lt;<span class="diff">expected-result</span> <span class="xmlns">xmlns:mirror="x-urn:test:mirror"</span>
                 <span class="xmlns trivial">xmlns:x="http://www.jenitennison.com/xslt/xspec"</span> /&gt;</pre>
                        </td>
                     </tr>
                  </tbody>
               </table>
            </div>
            <div id="scenario1-expect2" class="xTestReport">
               <h4 class="xTestReportTitle">when the actual result is evaluated with @test</h4>
               <div class="xTestReportHint"><a href="https://github.com/xspec/xspec/wiki/Understanding-Test-Results" target="_blank" title="What does this report mean?">[?]</a></div>
               <table class="xspecResult">
                  <thead>
                     <tr>
                        <th>Result</th>
                        <th>Expected Result</th>
                     </tr>
                  </thead>
                  <tbody>
                     <tr>
                        <td>
                           <p>XPath <code class="same">/element()</code> from:</p>
                           <pre>&lt;<span class="diff">actual-result</span> <span class="xmlns">xmlns:mirror="x-urn:test:mirror"</span>
               <span class="xmlns trivial">xmlns:x="http://www.jenitennison.com/xslt/xspec"</span> /&gt;</pre>
                        </td>
                        <td>
                           <p>XPath <code class="same">/element()</code> from:</p>
                           <pre>&lt;<span class="diff">expected-result</span> <span class="xmlns">xmlns:mirror="x-urn:test:mirror"</span>
                 <span class="xmlns trivial">xmlns:x="http://www.jenitennison.com/xslt/xspec"</span> /&gt;</pre>
                        </td>
                     </tr>
                  </tbody>
               </table>
            </div>
            <div id="scenario1-expect3" class="xTestReport">
               <h4 class="xTestReportTitle">when the expected result is an empty sequence</h4>
               <div class="xTestReportHint"><a href="https://github.com/xspec/xspec/wiki/Understanding-Test-Results" target="_blank" title="What does this report mean?">[?]</a></div>
               <table class="xspecResult">
                  <thead>
                     <tr>
                        <th>Result</th>
                        <th>Expected Result</th>
                     </tr>
                  </thead>
                  <tbody>
                     <tr>
                        <td>
                           <p>XPath <code class="diff">/element()</code> from:</p>
                           <pre>&lt;<span class="diff">actual-result</span> <span class="xmlns">xmlns:mirror="x-urn:test:mirror"</span>
               <span class="xmlns trivial">xmlns:x="http://www.jenitennison.com/xslt/xspec"</span> /&gt;</pre>
                        </td>
                        <td>
                           <pre>()</pre>
                        </td>
                     </tr>
                  </tbody>
               </table>
            </div>
            <div id="scenario1-expect4" class="xTestReport">
               <h4 class="xTestReportTitle">when the expected result is an atomic value</h4>
               <div class="xTestReportHint"><a href="https://github.com/xspec/xspec/wiki/Understanding-Test-Results" target="_blank" title="What does this report mean?">[?]</a></div>
               <table class="xspecResult">
                  <thead>
                     <tr>
                        <th>Result</th>
                        <th>Expected Result</th>
                     </tr>
                  </thead>
                  <tbody>
                     <tr>
                        <td>
                           <p>XPath <code class="diff">/element()</code> from:</p>
                           <pre>&lt;<span class="diff">actual-result</span> <span class="xmlns">xmlns:mirror="x-urn:test:mirror"</span>
               <span class="xmlns trivial">xmlns:x="http://www.jenitennison.com/xslt/xspec"</span> /&gt;</pre>
                        </td>
                        <td>
                           <pre>0</pre>
                        </td>
                     </tr>
                  </tbody>
               </table>
            </div>
            <div id="scenario1-expect5" class="xTestReport">
               <h4 class="xTestReportTitle">when the expected result is a map</h4>
               <div class="xTestReportHint"><a href="https://github.com/xspec/xspec/wiki/Understanding-Test-Results" target="_blank" title="What does this report mean?">[?]</a></div>
               <table class="xspecResult">
                  <thead>
                     <tr>
                        <th>Result</th>
                        <th>Expected Result</th>
                     </tr>
                  </thead>
                  <tbody>
                     <tr>
                        <td>
                           <p>XPath <code class="diff">/element()</code> from:</p>
                           <pre>&lt;<span class="diff">actual-result</span> <span class="xmlns">xmlns:mirror="x-urn:test:mirror"</span>
               <span class="xmlns trivial">xmlns:x="http://www.jenitennison.com/xslt/xspec"</span> /&gt;</pre>
                        </td>
                        <td>
                           <p>XPath <code class="diff">/*</code> from:</p>
                           <pre>&lt;<span class="diff">pseudo-map</span> <span class="xmlns trivial">xmlns="http://www.jenitennison.com/xslt/xspec"</span>&gt;<span class="diff">map{}</span>&lt;/pseudo-map&gt;</pre>
                        </td>
                     </tr>
                  </tbody>
               </table>
            </div>
         </div>
      </div>
   </body>
</html>