<?xml version="1.0" encoding="UTF-8"?><html xmlns="http://www.w3.org/1999/xhtml">
   <head>
      <meta http-equiv="Content-Type" content="text/html; charset=UTF-8" />
      <title>Test Coverage Report for coverage_no-leading-string.xsl</title>
      <link rel="stylesheet" type="text/css" href="../../../../../src/reporter/test-report.css" />
   </head>
   <body>
      <h1>Test Coverage Report</h1>
      <p>Stylesheet:  <a href="../../coverage_no-leading-string.xsl">coverage_no-leading-string.xsl</a></p>
      <h2>module: coverage_no-leading-string.xsl; 14 lines</h2>
      <pre>01: <span class="ignored">&lt;xsl:transform exclude-result-prefixes="#all" version="3.0"</span>
02: <span class="ignored">	xmlns:xsl="http://www.w3.org/1999/XSL/Transform"&gt;</span>
03: 
04: <span class="ignored">	</span><span class="ignored">&lt;!--</span>
05: <span class="ignored">		Test Code Coverage when /xsl:* has no leading string.</span>
06: <span class="ignored">		Do not write anything before the outermost element.</span>
07: <span class="ignored">	--&gt;</span>
08: 
09: <span class="ignored">	</span><span class="hit">&lt;xsl:template as="element(bar)" match="foo"&gt;</span>
10: <span class="ignored">		</span><span class="hit">&lt;bar /&gt;</span>
11: <span class="ignored">	</span><span class="hit">&lt;/xsl:template&gt;</span>
12: 
13: <span class="ignored">&lt;/xsl:transform&gt;</span>
14: </pre>
   </body>
</html>