<?xml version="1.0" encoding="UTF-8"?>
<report xmlns="http://www.jenitennison.com/xslt/xspec"
        xspec="../../coverage_no-hit.xspec"
        stylesheet="../../coverage_no-hit.xsl"
        date="2000-01-01T00:00:00Z">
   <scenario id="scenario1" xspec="../../coverage_no-hit.xspec">
      <label>Testing a stylesheet without any matching context</label>
      <input-wrap xmlns="">
         <x:context xmlns:x="http://www.jenitennison.com/xslt/xspec"/>
      </input-wrap>
      <result select="()"/>
      <test id="scenario1-expect1" successful="true">
         <label>should be reported as 'not used' in the coverage report</label>
         <expect select="()"/>
      </test>
   </scenario>
</report>
