<?xml version="1.0" encoding="UTF-8"?><html xmlns="http://www.w3.org/1999/xhtml">
   <head>
      <meta http-equiv="Content-Type" content="text/html; charset=UTF-8" />
      <title>Test Coverage Report for coverage_no-hit.xsl</title>
      <link rel="stylesheet" type="text/css" href="../../../../../src/reporter/test-report.css" />
   </head>
   <body>
      <h1>Test Coverage Report</h1>
      <p>Stylesheet:  <a href="../../coverage_no-hit.xsl">coverage_no-hit.xsl</a></p>
      <h2>module: coverage_no-hit.xsl; 12 lines</h2>
      <p><span class="missed">not used</span></p>
      <h2>module: coverage_no-hit_included.xsl; 10 lines</h2>
      <p><span class="missed">not used</span></p>
   </body>
</html>