<?xml version="1.0" encoding="UTF-8"?><html xmlns="http://www.w3.org/1999/xhtml">
   <head>
      <meta http-equiv="Content-Type" content="text/html; charset=UTF-8" />
      <title>Test Report for external_issue-1410.xsl (passed: 1 / pending: 0 / failed: 0 / total: 1)</title>
      <link rel="stylesheet" type="text/css" href="../../../../../src/reporter/test-report.css" />
   </head>
   <body>
      <h1>Test Report</h1>
      <p>Stylesheet: <a href="../../external_issue-1410.xsl">external_issue-1410.xsl</a></p>
      <p>XSpec: <a href="../../external_issue-1410_invoke-empty.xspec">external_issue-1410_invoke-empty.xspec</a></p>
      <p>Tested: 1 January 2000 at 00:00</p>
      <h2>Contents</h2>
      <table class="xspec">
         <colgroup>
            <col style="width:75%" />
            <col style="width:6.25%" />
            <col style="width:6.25%" />
            <col style="width:6.25%" />
            <col style="width:6.25%" />
         </colgroup>
         <thead>
            <tr>
               <th></th>
               <th class="totals">passed: 1</th>
               <th class="totals">pending: 0</th>
               <th class="totals">failed: 0</th>
               <th class="totals">total: 1</th>
            </tr>
         </thead>
         <tbody>
            <tr class="successful">
               <th><a href="#top_scenario1">Template containing no elements but xsl:context-item</a></th>
               <th class="totals">1</th>
               <th class="totals">0</th>
               <th class="totals">0</th>
               <th class="totals">1</th>
            </tr>
         </tbody>
      </table>
      <div id="top_scenario1">
         <h2 class="successful">Template containing no elements but xsl:context-item<span class="scenario-totals">passed: 1 / pending: 0 / failed: 0 / total: 1</span></h2>
         <table class="xspec" id="table_scenario1">
            <colgroup>
               <col style="width:75%" />
               <col style="width:25%" />
            </colgroup>
            <tbody>
               <tr class="successful">
                  <th>Template containing no elements but xsl:context-item</th>
                  <th>passed: 1 / pending: 0 / failed: 0 / total: 1</th>
               </tr>
               <tr class="successful">
                  <td>Result</td>
                  <td>Success</td>
               </tr>
            </tbody>
         </table>
      </div>
   </body>
</html>