<?xml version="1.0" encoding="UTF-8"?>
<report xmlns="http://www.jenitennison.com/xslt/xspec"
        xspec="../../force-focus_focus-vs-pending-element.xspec"
        stylesheet="../../../../do-nothing.xsl"
        date="2000-01-01T00:00:00Z">
   <scenario id="scenario1"
             xspec="../../focus-vs-pending-element.xspec"
             pending="force focus">
      <label>/Neutral</label>
      <input-wrap xmlns="">
         <x:call xmlns:x="http://www.jenitennison.com/xslt/xspec" function="true"/>
      </input-wrap>
      <test id="scenario1-expect1" pending="force focus">
         <label>x:expect[empty(@pending)]</label>
      </test>
      <test id="scenario1-expect2" pending="x:expect/@pending">
         <label>x:expect[@pending]</label>
      </test>
   </scenario>
   <scenario id="scenario2"
             xspec="../../focus-vs-pending-element.xspec"
             pending="force focus">
      <label>/Neutral</label>
      <input-wrap xmlns="">
         <x:call xmlns:x="http://www.jenitennison.com/xslt/xspec" function="true"/>
      </input-wrap>
      <test id="scenario2-expect1" pending="force focus">
         <label>x:expect[empty(@pending)]</label>
      </test>
      <test id="scenario2-expect2" pending="x:expect/@pending">
         <label>x:expect[@pending]</label>
      </test>
      <scenario id="scenario2-scenario1"
                xspec="../../focus-vs-pending-element.xspec"
                pending="force focus">
         <label>/Neutral</label>
         <test id="scenario2-scenario1-expect1" pending="force focus">
            <label>x:expect[empty(@pending)]</label>
         </test>
         <test id="scenario2-scenario1-expect2" pending="x:expect/@pending">
            <label>x:expect[@pending]</label>
         </test>
      </scenario>
      <scenario id="scenario2-scenario2"
                xspec="../../focus-vs-pending-element.xspec"
                pending="force focus">
         <label>/Focused #1</label>
         <test id="scenario2-scenario2-expect1" pending="force focus">
            <label>x:expect[empty(@pending)]</label>
         </test>
         <test id="scenario2-scenario2-expect2" pending="x:expect/@pending">
            <label>x:expect[@pending]</label>
         </test>
         <scenario id="scenario2-scenario2-scenario1"
                   xspec="../../focus-vs-pending-element.xspec"
                   pending="force focus">
            <label>/Neutral</label>
            <test id="scenario2-scenario2-scenario1-expect1" pending="force focus">
               <label>x:expect[empty(@pending)]</label>
            </test>
            <test id="scenario2-scenario2-scenario1-expect2" pending="x:expect/@pending">
               <label>x:expect[@pending]</label>
            </test>
         </scenario>
         <scenario id="scenario2-scenario2-scenario2"
                   xspec="../../focus-vs-pending-element.xspec"
                   pending="force focus">
            <label>/Neutral</label>
            <test id="scenario2-scenario2-scenario2-expect1" pending="force focus">
               <label>x:expect[empty(@pending)]</label>
            </test>
            <test id="scenario2-scenario2-scenario2-expect2" pending="x:expect/@pending">
               <label>x:expect[@pending]</label>
            </test>
            <scenario id="scenario2-scenario2-scenario2-scenario1"
                      xspec="../../focus-vs-pending-element.xspec"
                      pending="force focus">
               <label>/Neutral</label>
               <test id="scenario2-scenario2-scenario2-scenario1-expect1"
                     pending="force focus">
                  <label>x:expect[empty(@pending)]</label>
               </test>
               <test id="scenario2-scenario2-scenario2-scenario1-expect2"
                     pending="x:expect/@pending">
                  <label>x:expect[@pending]</label>
               </test>
            </scenario>
            <scenario id="scenario2-scenario2-scenario2-scenario2"
                      xspec="../../focus-vs-pending-element.xspec"
                      pending="Pending #1">
               <label>/Pending #1</label>
               <test id="scenario2-scenario2-scenario2-scenario2-expect1"
                     pending="Pending #1">
                  <label>x:expect[empty(@pending)]</label>
               </test>
               <test id="scenario2-scenario2-scenario2-scenario2-expect2"
                     pending="x:expect/@pending">
                  <label>x:expect[@pending]</label>
               </test>
               <scenario id="scenario2-scenario2-scenario2-scenario2-scenario1"
                         xspec="../../focus-vs-pending-element.xspec"
                         pending="Pending #1">
                  <label>/Neutral</label>
                  <test id="scenario2-scenario2-scenario2-scenario2-scenario1-expect1"
                        pending="Pending #1">
                     <label>x:expect[empty(@pending)]</label>
                  </test>
                  <test id="scenario2-scenario2-scenario2-scenario2-scenario1-expect2"
                        pending="x:expect/@pending">
                     <label>x:expect[@pending]</label>
                  </test>
               </scenario>
               <scenario id="scenario2-scenario2-scenario2-scenario2-scenario2"
                         xspec="../../focus-vs-pending-element.xspec"
                         pending="Pending #1">
                  <label>/Neutral</label>
                  <test id="scenario2-scenario2-scenario2-scenario2-scenario2-expect1"
                        pending="Pending #1">
                     <label>x:expect[empty(@pending)]</label>
                  </test>
                  <test id="scenario2-scenario2-scenario2-scenario2-scenario2-expect2"
                        pending="x:expect/@pending">
                     <label>x:expect[@pending]</label>
                  </test>
                  <scenario id="scenario2-scenario2-scenario2-scenario2-scenario2-scenario1"
                            xspec="../../focus-vs-pending-element.xspec"
                            pending="Pending #1">
                     <label>/Neutral</label>
                     <test id="scenario2-scenario2-scenario2-scenario2-scenario2-scenario1-expect1"
                           pending="Pending #1">
                        <label>x:expect[empty(@pending)]</label>
                     </test>
                     <test id="scenario2-scenario2-scenario2-scenario2-scenario2-scenario1-expect2"
                           pending="x:expect/@pending">
                        <label>x:expect[@pending]</label>
                     </test>
                  </scenario>
                  <scenario id="scenario2-scenario2-scenario2-scenario2-scenario2-scenario2"
                            xspec="../../focus-vs-pending-element.xspec"
                            pending="Pending #1">
                     <label>/Focused #2</label>
                     <test id="scenario2-scenario2-scenario2-scenario2-scenario2-scenario2-expect1"
                           pending="Pending #1">
                        <label>x:expect[empty(@pending)]</label>
                     </test>
                     <test id="scenario2-scenario2-scenario2-scenario2-scenario2-scenario2-expect2"
                           pending="x:expect/@pending">
                        <label>x:expect[@pending]</label>
                     </test>
                     <scenario id="scenario2-scenario2-scenario2-scenario2-scenario2-scenario2-scenario1"
                               xspec="../../focus-vs-pending-element.xspec"
                               pending="Pending #1">
                        <label>/Neutral</label>
                        <test id="scenario2-scenario2-scenario2-scenario2-scenario2-scenario2-scenario1-expect1"
                              pending="Pending #1">
                           <label>x:expect[empty(@pending)]</label>
                        </test>
                        <test id="scenario2-scenario2-scenario2-scenario2-scenario2-scenario2-scenario1-expect2"
                              pending="x:expect/@pending">
                           <label>x:expect[@pending]</label>
                        </test>
                     </scenario>
                     <scenario id="scenario2-scenario2-scenario2-scenario2-scenario2-scenario2-scenario2"
                               xspec="../../focus-vs-pending-element.xspec"
                               pending="Pending #1">
                        <label>/Neutral</label>
                        <test id="scenario2-scenario2-scenario2-scenario2-scenario2-scenario2-scenario2-expect1"
                              pending="Pending #1">
                           <label>x:expect[empty(@pending)]</label>
                        </test>
                        <test id="scenario2-scenario2-scenario2-scenario2-scenario2-scenario2-scenario2-expect2"
                              pending="x:expect/@pending">
                           <label>x:expect[@pending]</label>
                        </test>
                        <scenario id="scenario2-scenario2-scenario2-scenario2-scenario2-scenario2-scenario2-scenario1"
                                  xspec="../../focus-vs-pending-element.xspec"
                                  pending="Pending #1">
                           <label>/Neutral</label>
                           <test id="scenario2-scenario2-scenario2-scenario2-scenario2-scenario2-scenario2-scenario1-expect1"
                                 pending="Pending #1">
                              <label>x:expect[empty(@pending)]</label>
                           </test>
                           <test id="scenario2-scenario2-scenario2-scenario2-scenario2-scenario2-scenario2-scenario1-expect2"
                                 pending="x:expect/@pending">
                              <label>x:expect[@pending]</label>
                           </test>
                        </scenario>
                        <scenario id="scenario2-scenario2-scenario2-scenario2-scenario2-scenario2-scenario2-scenario2"
                                  xspec="../../focus-vs-pending-element.xspec"
                                  pending="Pending #2">
                           <label>/Pending #2</label>
                           <test id="scenario2-scenario2-scenario2-scenario2-scenario2-scenario2-scenario2-scenario2-expect1"
                                 pending="Pending #2">
                              <label>x:expect[empty(@pending)]</label>
                           </test>
                           <test id="scenario2-scenario2-scenario2-scenario2-scenario2-scenario2-scenario2-scenario2-expect2"
                                 pending="x:expect/@pending">
                              <label>x:expect[@pending]</label>
                           </test>
                           <scenario id="scenario2-scenario2-scenario2-scenario2-scenario2-scenario2-scenario2-scenario2-scenario1"
                                     xspec="../../focus-vs-pending-element.xspec">
                              <label>/Neutral</label>
                              <result select="Q{http://www.w3.org/2001/XMLSchema}boolean('true')"/>
                              <test id="scenario2-scenario2-scenario2-scenario2-scenario2-scenario2-scenario2-scenario2-scenario1-expect1"
                                    successful="true">
                                 <label>x:expect[empty(@pending)]</label>
                                 <expect-test-wrap xmlns="">
                                    <x:expect xmlns:x="http://www.jenitennison.com/xslt/xspec" test="true()"/>
                                 </expect-test-wrap>
                                 <expect select="()"/>
                              </test>
                              <test id="scenario2-scenario2-scenario2-scenario2-scenario2-scenario2-scenario2-scenario2-scenario1-expect2"
                                    successful="true">
                                 <label>x:expect[@pending]</label>
                                 <expect-test-wrap xmlns="">
                                    <x:expect xmlns:x="http://www.jenitennison.com/xslt/xspec" test="true()"/>
                                 </expect-test-wrap>
                                 <expect select="()"/>
                              </test>
                           </scenario>
                        </scenario>
                     </scenario>
                  </scenario>
               </scenario>
            </scenario>
         </scenario>
      </scenario>
   </scenario>
</report>
