<?xml version="1.0" encoding="UTF-8"?>
<report xmlns="http://www.jenitennison.com/xslt/xspec"
        xspec="../../issue-23_2.xspec"
        stylesheet="../../issue-23_2.xsl"
        date="2000-01-01T00:00:00Z">
   <scenario id="scenario1" xspec="../../issue-23_2.xspec">
      <label>Test</label>
      <input-wrap xmlns="">
         <x:context xmlns:x="http://www.jenitennison.com/xslt/xspec"
                    href="../../issue-23_2_context.xml"/>
      </input-wrap>
      <result select="/self::document-node()">
         <content-wrap xmlns="">
            <foo xmlns="x-urn:test" bar="true"/>
         </content-wrap>
      </result>
      <test id="scenario1-expect1" successful="false">
         <label>Result</label>
         <expect select="/self::document-node()">
            <content-wrap xmlns="">
               <foo xmlns="x-urn:test" bar="false"/>
            </content-wrap>
         </expect>
      </test>
   </scenario>
</report>
