<?xml version="1.0" encoding="UTF-8"?><html xmlns="http://www.w3.org/1999/xhtml">
   <head>
      <meta http-equiv="Content-Type" content="text/html; charset=UTF-8" />
      <title>Test Report for issue-778_ws.xsl (passed: 0 / pending: 0 / failed: 1 / total: 1)</title>
      <link rel="stylesheet" type="text/css" href="../../../../../src/reporter/test-report.css" />
   </head>
   <body>
      <h1>Test Report</h1>
      <p>Stylesheet: <a href="../../issue-778_ws.xsl">issue-778_ws.xsl</a></p>
      <p>XSpec: <a href="../../issue-778_ws.xspec">issue-778_ws.xspec</a></p>
      <p>Tested: 1 January 2000 at 00:00</p>
      <h2>Contents</h2>
      <table class="xspec">
         <colgroup>
            <col style="width:75%" />
            <col style="width:6.25%" />
            <col style="width:6.25%" />
            <col style="width:6.25%" />
            <col style="width:6.25%" />
         </colgroup>
         <thead>
            <tr>
               <th></th>
               <th class="totals">passed: 0</th>
               <th class="totals">pending: 0</th>
               <th class="totals">failed: 1</th>
               <th class="totals">total: 1</th>
            </tr>
         </thead>
         <tbody>
            <tr class="failed">
               <th><a href="#top_scenario1">When transforming DITA</a></th>
               <th class="totals">0</th>
               <th class="totals">0</th>
               <th class="totals">1</th>
               <th class="totals">1</th>
            </tr>
         </tbody>
      </table>
      <div id="top_scenario1">
         <h2 class="failed">When transforming DITA<span class="scenario-totals">passed: 0 / pending: 0 / failed: 1 / total: 1</span></h2>
         <table class="xspec" id="table_scenario1">
            <colgroup>
               <col style="width:75%" />
               <col style="width:25%" />
            </colgroup>
            <tbody>
               <tr class="failed">
                  <th>When transforming DITA</th>
                  <th>passed: 0 / pending: 0 / failed: 1 / total: 1</th>
               </tr>
               <tr class="failed">
                  <td><a href="#scenario1-expect1">we get markdown</a></td>
                  <td>Failure</td>
               </tr>
            </tbody>
         </table>
         <div id="scenario1">
            <h3>When transforming DITA</h3>
            <div id="scenario1-expect1" class="xTestReport">
               <h4 class="xTestReportTitle">we get markdown</h4>
               <div class="xTestReportHint"><a href="https://github.com/xspec/xspec/wiki/Understanding-Test-Results" target="_blank" title="What does this report mean?">[?]</a></div>
               <table class="xspecResult">
                  <thead>
                     <tr>
                        <th>Result</th>
                        <th>Expected Result</th>
                     </tr>
                  </thead>
                  <tbody>
                     <tr>
                        <td>
                           <p>XPath <code class="same">/text()</code> from:</p>
                           <pre><span class="diff"># My Title</span><span class="diff whitespace">\n</span><span class="diff whitespace">\n</span><span class="diff">This is a topic.</span><span class="diff whitespace">\n</span><span class="diff whitespace">\n</span><span class="diff">This is a paragraph.</span><span class="diff whitespace">\n</span></pre>
                        </td>
                        <td>
                           <p>XPath <code class="same">/text()</code> from:</p>
                           <pre><span class="diff"># My Title

This is a topic.

This is a paragraph.

</span></pre>
                        </td>
                     </tr>
                  </tbody>
               </table>
            </div>
         </div>
      </div>
   </body>
</html>