<?xml version="1.0" encoding="UTF-8"?>
<testsuites name="issue-778_ws.xspec">
   <testsuite name="When transforming DITA" tests="1" failures="1">
      <testcase name="we get markdown" status="failed">
         <failure message="expect assertion failed"/>
      </testcase>
   </testsuite>
</testsuites>
