<?xml version="1.0" encoding="UTF-8"?><html xmlns="http://www.w3.org/1999/xhtml">
   <head>
      <meta http-equiv="Content-Type" content="text/html; charset=UTF-8" />
      <title>Test Coverage Report for issue-793-lf.xsl</title>
      <link rel="stylesheet" type="text/css" href="../../../../../src/reporter/test-report.css" />
   </head>
   <body>
      <h1>Test Coverage Report</h1>
      <p>Stylesheet:  <a href="../../issue-793-lf.xsl">issue-793-lf.xsl</a></p>
      <h2>module: issue-793-lf.xsl; 10 lines</h2>
      <pre>01: <span class="ignored">&lt;?xml version="1.0" encoding="UTF-8"?&gt;</span>
02: <span class="ignored">&lt;!-- This file must be saved with LF line ending --&gt;</span>
03: <span class="ignored">&lt;xsl:stylesheet version="2.0" xmlns:xsl="http://www.w3.org/1999/XSL/Transform"&gt;</span>
04: <span class="ignored">	</span><span class="hit">&lt;xsl:template as="element(output)" match="input"&gt;</span>
05: <span class="ignored">		</span><span class="hit">&lt;output&gt;</span><span class="hit">&lt;![CDATA[</span>
06: <span class="hit">test</span>
07: <span class="hit">]]&gt;</span><span class="hit">&lt;/output&gt;</span>
08: <span class="ignored">	</span><span class="hit">&lt;/xsl:template&gt;</span>
09: <span class="ignored">&lt;/xsl:stylesheet&gt;</span>
10: </pre>
   </body>
</html>