<?xml version="1.0" encoding="UTF-8"?>
<testsuites name="issue-448.xspec">
   <testsuite name="x:scenario/" tests="2" failures="0">
      <testcase name="x:label containing }{ should not affect test (This x:expect doesn't matter)"
                status="passed"/>
      <testcase name="@label containing }{ should not affect test (This x:expect doesn't matter)"
                status="passed"/>
   </testsuite>
</testsuites>
