<?xml version="1.0" encoding="UTF-8"?>
<testsuites name="issue-214.xspec">
   <testsuite name="input" tests="1" failures="0">
      <testcase name="output" status="passed"/>
   </testsuite>
</testsuites>
