<?xml version="1.0" encoding="UTF-8"?><html xmlns="http://www.w3.org/1999/xhtml">
   <head>
      <meta http-equiv="Content-Type" content="text/html; charset=UTF-8" />
      <title>Test Report for mirror.xsl (passed: 7 / pending: 0 / failed: 0 / total: 7)</title>
      <link rel="stylesheet" type="text/css" href="../../../../../src/reporter/test-report.css" />
   </head>
   <body>
      <h1>Test Report</h1>
      <p>Stylesheet: <a href="../../../../mirror.xsl">mirror.xsl</a></p>
      <p>XSpec: <a href="../../issue-450-451_stylesheet.xspec">issue-450-451_stylesheet.xspec</a></p>
      <p>Tested: 1 January 2000 at 00:00</p>
      <h2>Contents</h2>
      <table class="xspec">
         <colgroup>
            <col style="width:75%" />
            <col style="width:6.25%" />
            <col style="width:6.25%" />
            <col style="width:6.25%" />
            <col style="width:6.25%" />
         </colgroup>
         <thead>
            <tr>
               <th></th>
               <th class="totals">passed: 7</th>
               <th class="totals">pending: 0</th>
               <th class="totals">failed: 0</th>
               <th class="totals">total: 7</th>
            </tr>
         </thead>
         <tbody>
            <tr class="successful">
               <th><a href="#top_scenario1">context template-param containing curly brackets</a></th>
               <th class="totals">1</th>
               <th class="totals">0</th>
               <th class="totals">0</th>
               <th class="totals">1</th>
            </tr>
            <tr class="successful">
               <th><a href="#top_scenario2">context containing curly brackets</a></th>
               <th class="totals">1</th>
               <th class="totals">0</th>
               <th class="totals">0</th>
               <th class="totals">1</th>
            </tr>
            <tr class="successful">
               <th><a href="#top_scenario3">template-call template-param containing curly brackets</a></th>
               <th class="totals">1</th>
               <th class="totals">0</th>
               <th class="totals">0</th>
               <th class="totals">1</th>
            </tr>
            <tr class="successful">
               <th><a href="#top_scenario4">global-param containing curly brackets</a></th>
               <th class="totals">1</th>
               <th class="totals">0</th>
               <th class="totals">0</th>
               <th class="totals">1</th>
            </tr>
            <tr class="successful">
               <th><a href="#top_scenario5">If value is from a variable instead of hard-coded,</a></th>
               <th class="totals">3</th>
               <th class="totals">0</th>
               <th class="totals">0</th>
               <th class="totals">3</th>
            </tr>
         </tbody>
      </table>
      <div id="top_scenario1">
         <h2 class="successful">context template-param containing curly brackets<span class="scenario-totals">passed: 1 / pending: 0 / failed: 0 / total: 1</span></h2>
         <table class="xspec" id="table_scenario1">
            <colgroup>
               <col style="width:75%" />
               <col style="width:25%" />
            </colgroup>
            <tbody>
               <tr class="successful">
                  <th>context template-param containing curly brackets</th>
                  <th>passed: 1 / pending: 0 / failed: 0 / total: 1</th>
               </tr>
               <tr class="successful">
                  <td>should work</td>
                  <td>Success</td>
               </tr>
            </tbody>
         </table>
      </div>
      <div id="top_scenario2">
         <h2 class="successful">context containing curly brackets<span class="scenario-totals">passed: 1 / pending: 0 / failed: 0 / total: 1</span></h2>
         <table class="xspec" id="table_scenario2">
            <colgroup>
               <col style="width:75%" />
               <col style="width:25%" />
            </colgroup>
            <tbody>
               <tr class="successful">
                  <th>context containing curly brackets</th>
                  <th>passed: 1 / pending: 0 / failed: 0 / total: 1</th>
               </tr>
               <tr class="successful">
                  <td>should work</td>
                  <td>Success</td>
               </tr>
            </tbody>
         </table>
      </div>
      <div id="top_scenario3">
         <h2 class="successful">template-call template-param containing curly brackets<span class="scenario-totals">passed: 1 / pending: 0 / failed: 0 / total: 1</span></h2>
         <table class="xspec" id="table_scenario3">
            <colgroup>
               <col style="width:75%" />
               <col style="width:25%" />
            </colgroup>
            <tbody>
               <tr class="successful">
                  <th>template-call template-param containing curly brackets</th>
                  <th>passed: 1 / pending: 0 / failed: 0 / total: 1</th>
               </tr>
               <tr class="successful">
                  <td>should work</td>
                  <td>Success</td>
               </tr>
            </tbody>
         </table>
      </div>
      <div id="top_scenario4">
         <h2 class="successful">global-param containing curly brackets<span class="scenario-totals">passed: 1 / pending: 0 / failed: 0 / total: 1</span></h2>
         <table class="xspec" id="table_scenario4">
            <colgroup>
               <col style="width:75%" />
               <col style="width:25%" />
            </colgroup>
            <tbody>
               <tr class="successful">
                  <th>global-param containing curly brackets</th>
                  <th>passed: 1 / pending: 0 / failed: 0 / total: 1</th>
               </tr>
               <tr class="successful">
                  <td>should work</td>
                  <td>Success</td>
               </tr>
            </tbody>
         </table>
      </div>
      <div id="top_scenario5">
         <h2 class="successful">If value is from a variable instead of hard-coded,<span class="scenario-totals">passed: 3 / pending: 0 / failed: 0 / total: 3</span></h2>
         <table class="xspec" id="table_scenario5">
            <colgroup>
               <col style="width:75%" />
               <col style="width:25%" />
            </colgroup>
            <tbody>
               <tr class="successful">
                  <th>If value is from a variable instead of hard-coded,</th>
                  <th>passed: 3 / pending: 0 / failed: 0 / total: 3</th>
               </tr>
               <tr class="successful">
                  <th>context template-param containing curly brackets</th>
                  <th>passed: 1 / pending: 0 / failed: 0 / total: 1</th>
               </tr>
               <tr class="successful">
                  <td>should work</td>
                  <td>Success</td>
               </tr>
               <tr class="successful">
                  <th>context containing curly brackets</th>
                  <th>passed: 1 / pending: 0 / failed: 0 / total: 1</th>
               </tr>
               <tr class="successful">
                  <td>should work</td>
                  <td>Success</td>
               </tr>
               <tr class="successful">
                  <th>template-call template-param containing curly brackets</th>
                  <th>passed: 1 / pending: 0 / failed: 0 / total: 1</th>
               </tr>
               <tr class="successful">
                  <td>should work</td>
                  <td>Success</td>
               </tr>
            </tbody>
         </table>
      </div>
   </body>
</html>