<?xml version="1.0" encoding="UTF-8"?><html xmlns="http://www.w3.org/1999/xhtml">
   <head>
      <meta http-equiv="Content-Type" content="text/html; charset=UTF-8" />
      <title>Test Report for xslt1.xsl (passed: 6 / pending: 0 / failed: 1 / total: 7)</title>
      <link rel="stylesheet" type="text/css" href="../../../../../src/reporter/test-report.css" />
   </head>
   <body>
      <h1>Test Report</h1>
      <p>Stylesheet: <a href="../../../../xslt1.xsl">xslt1.xsl</a></p>
      <p>XSpec: <a href="../../xslt2.xspec">xslt2.xspec</a></p>
      <p>Tested: 1 January 2000 at 00:00</p>
      <h2>Contents</h2>
      <table class="xspec">
         <colgroup>
            <col style="width:75%" />
            <col style="width:6.25%" />
            <col style="width:6.25%" />
            <col style="width:6.25%" />
            <col style="width:6.25%" />
         </colgroup>
         <thead>
            <tr>
               <th></th>
               <th class="totals">passed: 6</th>
               <th class="totals">pending: 0</th>
               <th class="totals">failed: 1</th>
               <th class="totals">total: 7</th>
            </tr>
         </thead>
         <tbody>
            <tr class="failed">
               <th><a href="#top_scenario1">With 2 text nodes</a></th>
               <th class="totals">6</th>
               <th class="totals">0</th>
               <th class="totals">1</th>
               <th class="totals">7</th>
            </tr>
         </tbody>
      </table>
      <div id="top_scenario1">
         <h2 class="successful">With 2 text nodes<span class="scenario-totals">passed: 6 / pending: 0 / failed: 1 / total: 7</span></h2>
         <table class="xspec" id="table_scenario1">
            <colgroup>
               <col style="width:75%" />
               <col style="width:25%" />
            </colgroup>
            <tbody>
               <tr class="successful">
                  <th>With 2 text nodes</th>
                  <th>passed: 6 / pending: 0 / failed: 1 / total: 7</th>
               </tr>
               <tr class="successful">
                  <th>This scenario is to verify that $x:result consists of two text nodes</th>
                  <th>passed: 2 / pending: 0 / failed: 0 / total: 2</th>
               </tr>
               <tr class="successful">
                  <td>Result should be text nodes</td>
                  <td>Success</td>
               </tr>
               <tr class="successful">
                  <td>Result count should be 2</td>
                  <td>Success</td>
               </tr>
               <tr class="successful">
                  <th>xslt-version=1.0 in this XSpec file should always make all of the tests in this scenario
                     Success, even when this XSpec file is imported to another XSpec file which has xslt-version=2.0
                     or higher.</th>
                  <th>passed: 4 / pending: 0 / failed: 0 / total: 4</th>
               </tr>
               <tr class="successful">
                  <td>Comparing the text nodes with string</td>
                  <td>Success</td>
               </tr>
               <tr class="successful">
                  <td>Comparing the text nodes with double</td>
                  <td>Success</td>
               </tr>
               <tr class="successful">
                  <td>Comparing the text nodes with decimal</td>
                  <td>Success</td>
               </tr>
               <tr class="successful">
                  <td>Comparing the text nodes with integer</td>
                  <td>Success</td>
               </tr>
               <tr class="failed">
                  <th><a href="#scenario1-scenario3">xslt-version=1.0 in this XSpec file should make this scenario Success when this XSpec
                        file is executed independently. On the other hand, the result should be Failure when
                        this XSpec file is imported to another XSpec file which has xslt-version=2.0 or higher.</a></th>
                  <th>passed: 0 / pending: 0 / failed: 1 / total: 1</th>
               </tr>
               <tr class="failed">
                  <td><a href="#scenario1-scenario3-expect1">Expecting the compiled stylesheet to have version=1.0</a></td>
                  <td>Failure</td>
               </tr>
            </tbody>
         </table>
         <div id="scenario1-scenario3">
            <h3>With 2 text nodes xslt-version=1.0 in this XSpec file should make this scenario Success
               when this XSpec file is executed independently. On the other hand, the result should
               be Failure when this XSpec file is imported to another XSpec file which has xslt-version=2.0
               or higher.</h3>
            <div id="scenario1-scenario3-expect1" class="xTestReport">
               <h4 class="xTestReportTitle">Expecting the compiled stylesheet to have version=1.0</h4>
               <div class="xTestReportHint"><a href="https://github.com/xspec/xspec/wiki/Understanding-Test-Results" target="_blank" title="What does this report mean?">[?]</a></div>
               <table class="xspecResult">
                  <thead>
                     <tr>
                        <th>Result</th>
                        <th>Expected Result</th>
                     </tr>
                  </thead>
                  <tbody>
                     <tr>
                        <td>
                           <pre>'2.0'</pre>
                        </td>
                        <td>
                           <pre>'1.0'</pre>
                        </td>
                     </tr>
                  </tbody>
               </table>
            </div>
         </div>
      </div>
   </body>
</html>